<html>
<body>
<pre>
<h1>礦ision Build Log</h1>
<h2>Tool Versions:</h2>
IDE-Version: μVision V5.21.1.0
Copyright (C) 2016 ARM Ltd and ARM Germany GmbH. All rights reserved.
License Information: asf uae, asf, LIC=QF82M-X5PRE-CXMU6-D4AWX-CLL2M-U9C9U
 
Tool Versions:
Toolchain:       MDK-ARM Plus  Version: 5.21a
Toolchain Path:  D:\keil5\ARM\ARMCC\Bin
C Compiler:      Armcc.exe V5.06 update 3 (build 300)
Assembler:       Armasm.exe V5.06 update 3 (build 300)
Linker/Locator:  ArmLink.exe V5.06 update 3 (build 300)
Library Manager: ArmAr.exe V5.06 update 3 (build 300)
Hex Converter:   FromElf.exe V5.06 update 3 (build 300)
CPU DLL:         SARMCM3.DLL V5.21a
Dialog DLL:      DARMSTM.DLL V1.66.0.1
Target DLL:      Segger\JL2CM3.dll V2.99.23.0
Dialog DLL:      TARMSTM.DLL V1.65.0.0
 
<h2>Project:</h2>
C:\Users\uae\Desktop\JQ8900\语音模块_STM32例程\代码\USER\Template.uvprojx
Project File Date:  05/04/2020

<h2>Output:</h2>
*** Using Compiler 'V5.06 update 3 (build 300)', folder: 'D:\keil5\ARM\ARMCC\Bin'
Build target 'Template'
compiling delay.c...
compiling stm32f10x_it.c...
compiling main.c...
compiling system_stm32f10x.c...
compiling ds1302.c...
compiling JQ8X00.c...
..\HARDWARE\JQ8X00\JQ8X00.c(145): warning:  #223-D: function "UART1_SendCode" declared implicitly
  	
Q8x00_UART(Buffer,i);
..\HARDWARE\JQ8X00\JQ8X00.c(165): warning:  #223-D: function "UART1_SendCode" declared implicitly
  	
Q8x00_UART(Buffer,4);
..\HARDWARE\JQ8X00\JQ8X00.c(198): warning:  #223-D: function "UART1_SendCode" declared implicitly
  	
Q8x00_UART(Buffer,DataLen);
..\HARDWARE\JQ8X00\JQ8X00.c(232): warning:  #223-D: function "UART1_SendCode" declared implicitly
      
Q8x00_UART(Buffer,i);
..\HARDWARE\JQ8X00\JQ8X00.c: 4 warnings, 0 errors
compiling oled.c...
assembling startup_stm32f10x_md.s...
compiling core_cm3.c...
compiling usart.c...
compiling misc.c...
compiling stm32f10x_bkp.c...
compiling stm32f10x_adc.c...
compiling sys.c...
compiling stm32f10x_cec.c...
compiling stm32f10x_dac.c...
compiling stm32f10x_dbgmcu.c...
compiling stm32f10x_gpio.c...
compiling stm32f10x_exti.c...
compiling stm32f10x_dma.c...
compiling stm32f10x_fsmc.c...
compiling stm32f10x_i2c.c...
compiling stm32f10x_iwdg.c...
compiling stm32f10x_pwr.c...
compiling stm32f10x_rtc.c...
compiling stm32f10x_rcc.c...
compiling stm32f10x_sdio.c...
compiling stm32f10x_usart.c...
compiling stm32f10x_tim.c...
compiling stm32f10x_flash.c...
linking...
Program Size: Code=5100 RO-data=2360 RW-data=64 ZI-data=1848  
FromELF: creating hex file...
"..\OBJ\Template.axf" - 0 Error(s), 4 Warning(s).

<h2>Collection of Component include folders:</h2>
  C:\Users\uae\Desktop\JQ8900\语音模块_STM32例程\代码\USER\RTE
  D:\keil5\ARM\PACK\Keil\STM32F1xx_DFP\1.1.0\Device\Include

<h2>Collection of Component Files used:</h2>
Build Time Elapsed:  00:00:04
</pre>
</body>
</html>
